// Jest Snapshot v1, https://goo.gl/fbAQLP

exports[`employeeTableModel Tests Actions field Cell 1`] = `null`;
