// Jest Snapshot v1, https://goo.gl/fbAQLP

exports[`ProjectTableModel Tests Actions field Cell 1`] = `
<span>
  <span>
    <button
      aria-label="Left Align"
      className="btn-circle btn btn-outline-secondary"
      disabled={undefined}
      onClick={[Function]}
      type="button"
    >
      <img
        alt="info"
        src="../../style/open-iconic-master/svg/info.svg"
        style={undefined}
      />
    </button>
    <button
      aria-label="Left Align"
      className="btn-circle btn btn-outline-secondary disabled"
      disabled={true}
      onClick={[Function]}
      type="button"
    >
      <img
        alt="pencil"
        src="../../style/open-iconic-master/svg/pencil.svg"
        style={undefined}
      />
    </button>
    <button
      aria-label="Left Align"
      className="btn-circle btn btn-outline-secondary"
      disabled={undefined}
      onClick={[Function]}
      type="button"
    >
      <img
        alt="trash"
        src="../../style/open-iconic-master/svg/trash.svg"
        style={
          Object {
            "marginLeft": "2px",
          }
        }
      />
    </button>
  </span>
</span>
`;

exports[`ProjectTableModel Tests Status field Cell 1`] = `
<span>
  <span
    style={
      Object {
        "color": "#57d500",
        "transition": "all .3s ease",
      }
    }
  >
    ‚óè
  </span>
   undefined
</span>
`;

exports[`ProjectTableModel Tests Status field Filter 1`] = `null`;
