// Jest Snapshot v1, https://goo.gl/fbAQLP

exports[`ButtonPrimary Renders with snapshot (disabled: false) 1`] = `null`;

exports[`ButtonPrimary Renders with snapshot (disabled: false, className: empty string) 1`] = `null`;

exports[`ButtonPrimary Renders with snapshot (disabled: true) 1`] = `null`;

exports[`ButtonPrimary Renders with snapshot (disabled: true, className: empty string) 1`] = `null`;
