// Jest Snapshot v1, https://goo.gl/fbAQLP

exports[`ButtonDefault Renders with snapshot (open: false) 1`] = `null`;

exports[`ButtonDefault Renders with snapshot (open: true) 1`] = `null`;
