// Jest Snapshot v1, https://goo.gl/fbAQLP

exports[`Form Renders with snapshot 1`] = `
<div
  className="row justify-content-center"
>
  <form
    className="col-sm-6"
  >
    <div
      className="row justify-content-center"
    >
      <ButtonToolbar>
        <ButtonGroup />
      </ButtonToolbar>
    </div>
  </form>
</div>
`;
