// Jest Snapshot v1, https://goo.gl/fbAQLP

exports[`TableButton Renders 1`] = `null`;
