// Jest Snapshot v1, https://goo.gl/fbAQLP

exports[`TableActionCell Renders with set Full 1`] = `
<span>
  <span />
</span>
`;

exports[`TableActionCell Renders with set Restricted 1`] = `
<span>
  <span />
</span>
`;
